## 104.1 Create partitions and filesystems

# MBR

* limite de 4 partições primárias
* para se ter mais que quatro partições utiliza-se partições extendidas
** dessa forma pode criar mais partições lógicas
* sendo sda1, sda2, sda3, sda4 primárias
* sendo sda5, sda6, sda7, ... lógicas

### fdisk
```shell
fdisk -l /dev/sda
Disk /dev/sda: 223.6 GiB, 240057409536 bytes, 468862128 sectors
Units: sectors of 1 * 512 = 512 bytes
Sector size (logical/physical): 512 bytes / 512 bytes
I/O size (minimum/optimal): 512 bytes / 512 bytes
Disklabel type: dos
Disk identifier: 0x5411c765

Device     Boot     Start       End   Sectors   Size Id Type
/dev/sda1  *         2048 452118527 452116480 215.6G 83 Linux
/dev/sda2       452118528 468862127  16743600     8G 82 Linux swap / Solaris

fdisk /dev/sda
```
### parted

```shell
# acessa a interface
parted

# lista todos os discos detalhando as partições
print devices
print all

# seleciona o disco para trabalhar
select /dev/sdb

# cria uma partição primário no intervalo de 500MB até 1100GB
mkpart primary ext4 500GB 1100GB

# Remove a partição pelo número
rm 3

# Redimensiona a partição 1 em 240GB - surte efeito com resize2fs /dev/sdc<n>
resizepart 1 240GB

# Cria uma partição
mkpart extended 100GB 500GB
mkpart logical xfs 100GB 256GB
```

### gdisk

Converte o espaço de boot de MBR para GPT `gdisk /dev/sda`

### mkfs

Formata e define o tipo de uma partição `mkfs -t swap /dev/sda2`

### mkswap

Configura uma partição como swap `mkswap /dev/sda2`

### resize2fs

Ajusta o tamanho da partição `resize2fs /dev/sda`
Após fazer o redimensionamento pelo cfdisk, o comando df -h não pega o tamanho novo.
